../Core/Src/main.c:116:6:readImu	48	static
../Core/Src/main.c:133:6:stabilizeMotors	320	static
../Core/Src/main.c:216:7:trovaDutyYaw	32	static
../Core/Src/main.c:266:5:main	24	static
../Core/Src/main.c:408:13:MX_I2C1_Init	8	static
../Core/Src/main.c:456:13:MX_TIM1_Init	40	static
../Core/Src/main.c:503:13:MX_TIM2_Init	72	static
../Core/Src/main.c:577:13:MX_TIM3_Init	64	static
../Core/Src/main.c:648:13:MX_TIM5_Init	72	static
../Core/Src/main.c:722:13:MX_USART3_UART_Init	8	static
../Core/Src/main.c:770:13:MX_GPIO_Init	48	static
../Core/Src/main.c:819:5:__io_putchar	16	static
../Core/Src/main.c:827:6:HAL_TIM_PeriodElapsedCallback	16	static
../Core/Src/main.c:847:6:HAL_TIM_IC_CaptureCallback	32	static
../Core/Src/main.c:912:6:Error_Handler	4	static,ignoring_inline_asm
